define i32 @main() {
; <label>:0
	br i1 true, label %1, label %2
; <label>:1
	ret i32 1
; <label>:2
	ret i32 2
}
