define i32 @main() {
; <label>:0
	%a = alloca float
	%b = alloca float
	%1 = load float, float* %a
	%2 = load float, float* %b
	%3 = fcmp olt float %1, %2
	%4 = zext i1 %3 to i32
	ret i32 0
}
