target datalayout = "e-m:e-i64:64-f80:128-n8:16:32:64-S128"
target triple = "x86_64-unknown-linux-gnu"
define i32 @foo(i8* %x) {
0:
	%1 = alloca i8*
	store i8* %x, i8** %1
	%2 = load i8*, i8** %1
	%3 = getelementptr i8, i8* %2, i64 0
	%4 = load i8, i8* %3
	%5 = sext i8 %4 to i32
	ret i32 %5
}
define i32 @main() {
0:
	%a = alloca [10 x i8]
	%1 = getelementptr [10 x i8], [10 x i8]* %a, i32 0, i32 0
	%2 = call i32 @foo(i8* %1)
	ret i32 0
}
