target datalayout = "e-m:e-i64:64-f80:128-n8:16:32:64-S128"
target triple = "x86_64-unknown-linux-gnu"
@c = global [10 x i32] zeroinitializer
@d = global [10 x i8] zeroinitializer
define void @f(i32* %h, i8* %i) {
0:
	%1 = alloca i32*
	%2 = alloca i8*
	store i32* %h, i32** %1
	store i8* %i, i8** %2
	ret void
}
define i32 @main() {
0:
	ret i32 0
}
