target datalayout = "e-m:e-i64:64-f80:128-n8:16:32:64-S128"
target triple = "x86_64-unknown-linux-gnu"
define void @f() {
0:
	ret void
}
define i32 @g() {
0:
	ret i32 42
}
define i32 @main() {
0:
	call void @f()
	%1 = call i32 @g()
	ret i32 0
}
