target datalayout = "e-m:e-i64:64-f80:128-n8:16:32:64-S128"
target triple = "x86_64-unknown-linux-gnu"
@eol = global [2 x i8] zeroinitializer
@n = global i32 0
define void @sort(i8* %a, i32 %l, i32 %r) {
0:
	%1 = alloca i8*
	%2 = alloca i32
	%3 = alloca i32
	%i = alloca i32
	%j = alloca i32
	%x = alloca i8
	%w = alloca i8
	store i8* %a, i8** %1
	store i32 %l, i32* %2
	store i32 %r, i32* %3
	%4 = load i32, i32* %2
	store i32 %4, i32* %i
	%5 = load i32, i32* %3
	store i32 %5, i32* %j
	%6 = load i32, i32* %2
	%7 = load i32, i32* %3
	%8 = add i32 %6, %7
	%9 = sdiv i32 %8, 2
	%10 = sext i32 %9 to i64
	%11 = load i8*, i8** %1
	%12 = getelementptr i8, i8* %11, i64 %10
	%13 = load i8, i8* %12
	store i8 %13, i8* %x
	br label %14
14:
	%15 = load i32, i32* %i
	%16 = load i32, i32* %j
	%17 = icmp sle i32 %15, %16
	br i1 %17, label %18, label %75
18:
	br label %19
19:
	%20 = load i32, i32* %i
	%21 = sext i32 %20 to i64
	%22 = load i8*, i8** %1
	%23 = getelementptr i8, i8* %22, i64 %21
	%24 = load i8, i8* %23
	%25 = sext i8 %24 to i32
	%26 = load i8, i8* %x
	%27 = sext i8 %26 to i32
	%28 = icmp slt i32 %25, %27
	br i1 %28, label %29, label %32
29:
	%30 = load i32, i32* %i
	%31 = add i32 %30, 1
	store i32 %31, i32* %i
	br label %19
32:
	br label %33
33:
	%34 = load i8, i8* %x
	%35 = sext i8 %34 to i32
	%36 = load i32, i32* %j
	%37 = sext i32 %36 to i64
	%38 = load i8*, i8** %1
	%39 = getelementptr i8, i8* %38, i64 %37
	%40 = load i8, i8* %39
	%41 = sext i8 %40 to i32
	%42 = icmp slt i32 %35, %41
	br i1 %42, label %43, label %46
43:
	%44 = load i32, i32* %j
	%45 = sub i32 %44, 1
	store i32 %45, i32* %j
	br label %33
46:
	%47 = load i32, i32* %i
	%48 = load i32, i32* %j
	%49 = icmp sle i32 %47, %48
	br i1 %49, label %50, label %74
50:
	%51 = load i32, i32* %i
	%52 = sext i32 %51 to i64
	%53 = load i8*, i8** %1
	%54 = getelementptr i8, i8* %53, i64 %52
	%55 = load i8, i8* %54
	store i8 %55, i8* %w
	%56 = load i32, i32* %j
	%57 = sext i32 %56 to i64
	%58 = load i8*, i8** %1
	%59 = getelementptr i8, i8* %58, i64 %57
	%60 = load i8, i8* %59
	%61 = load i32, i32* %i
	%62 = sext i32 %61 to i64
	%63 = load i8*, i8** %1
	%64 = getelementptr i8, i8* %63, i64 %62
	store i8 %60, i8* %64
	%65 = load i8, i8* %w
	%66 = load i32, i32* %j
	%67 = sext i32 %66 to i64
	%68 = load i8*, i8** %1
	%69 = getelementptr i8, i8* %68, i64 %67
	store i8 %65, i8* %69
	%70 = load i32, i32* %i
	%71 = add i32 %70, 1
	store i32 %71, i32* %i
	%72 = load i32, i32* %j
	%73 = sub i32 %72, 1
	store i32 %73, i32* %j
	br label %74
74:
	br label %14
75:
	%76 = load i8*, i8** %1
	call void @putstring(i8* %76)
	call void @putstring(i8* getelementptr ([2 x i8], [2 x i8]* @eol, i32 0, i32 0))
	%77 = load i32, i32* %2
	%78 = load i32, i32* %j
	%79 = icmp slt i32 %77, %78
	br i1 %79, label %80, label %84
80:
	%81 = load i8*, i8** %1
	%82 = load i32, i32* %2
	%83 = load i32, i32* %j
	call void @sort(i8* %81, i32 %82, i32 %83)
	br label %84
84:
	%85 = load i32, i32* %i
	%86 = load i32, i32* %3
	%87 = icmp slt i32 %85, %86
	br i1 %87, label %88, label %92
88:
	%89 = load i8*, i8** %1
	%90 = load i32, i32* %i
	%91 = load i32, i32* %3
	call void @sort(i8* %89, i32 %90, i32 %91)
	br label %92
92:
	ret void
}
declare void @putstring(i8*)
define i32 @main() {
0:
	%1 = alloca i32
	%s = alloca [27 x i8]
	%i = alloca i32
	%t = alloca i8
	%q = alloca i32
	store i32 0, i32* %1
	store i8 10, i8* getelementptr ([2 x i8], [2 x i8]* @eol, i32 0, i64 0)
	store i8 0, i8* getelementptr ([2 x i8], [2 x i8]* @eol, i32 0, i64 1)
	store i32 26, i32* @n
	%2 = load i32, i32* @n
	%3 = sext i32 %2 to i64
	%4 = getelementptr [27 x i8], [27 x i8]* %s, i32 0, i64 %3
	store i8 0, i8* %4
	store i32 0, i32* %i
	store i32 11, i32* %q
	br label %5
5:
	%6 = load i32, i32* %i
	%7 = load i32, i32* @n
	%8 = icmp slt i32 %6, %7
	br i1 %8, label %9, label %27
9:
	%10 = load i32, i32* %q
	%11 = load i32, i32* %q
	%12 = sdiv i32 %11, 26
	%13 = mul i32 %12, 26
	%14 = sub i32 %10, %13
	%15 = trunc i32 %14 to i8
	store i8 %15, i8* %t
	%16 = load i8, i8* %t
	%17 = sext i8 %16 to i32
	%18 = add i32 97, %17
	%19 = trunc i32 %18 to i8
	%20 = load i32, i32* %i
	%21 = sext i32 %20 to i64
	%22 = getelementptr [27 x i8], [27 x i8]* %s, i32 0, i64 %21
	store i8 %19, i8* %22
	%23 = load i32, i32* %i
	%24 = add i32 %23, 1
	store i32 %24, i32* %i
	%25 = load i32, i32* %q
	%26 = add i32 %25, 17
	store i32 %26, i32* %q
	br label %5
27:
	%28 = getelementptr [27 x i8], [27 x i8]* %s, i32 0, i32 0
	call void @putstring(i8* %28)
	call void @putstring(i8* getelementptr ([2 x i8], [2 x i8]* @eol, i32 0, i32 0))
	%29 = getelementptr [27 x i8], [27 x i8]* %s, i32 0, i32 0
	%30 = load i32, i32* @n
	%31 = sub i32 %30, 1
	call void @sort(i8* %29, i32 0, i32 %31)
	%32 = getelementptr [27 x i8], [27 x i8]* %s, i32 0, i32 0
	call void @putstring(i8* %32)
	call void @putstring(i8* getelementptr ([2 x i8], [2 x i8]* @eol, i32 0, i32 0))
	%33 = load i32, i32* %1
	ret i32 %33
}
