target datalayout = "e-m:e-i64:64-f80:128-n8:16:32:64-S128"
target triple = "x86_64-unknown-linux-gnu"
@a = global [10 x i32] zeroinitializer
define i32 @foo(i32* %x) {
0:
	%1 = alloca i32*
	store i32* %x, i32** %1
	%2 = load i32*, i32** %1
	%3 = getelementptr i32, i32* %2, i64 0
	%4 = load i32, i32* %3
	ret i32 %4
}
define i32 @main() {
0:
	%1 = call i32 @foo(i32* getelementptr ([10 x i32], [10 x i32]* @a, i32 0, i32 0))
	ret i32 0
}
