target datalayout = "e-m:e-i64:64-f80:128-n8:16:32:64-S128"
target triple = "x86_64-unknown-linux-gnu"
@foo = global i32 0
define i32 @main() {
0:
	%bar = alloca i32
	store i32 76, i32* @foo
	store i32 54321, i32* %bar
	%1 = load i32, i32* @foo
	call void @putint(i32 %1)
	%2 = load i32, i32* %bar
	call void @putint(i32 %2)
	ret i32 0
}
declare void @putint(i32)
