target datalayout = "e-m:e-i64:64-f80:128-n8:16:32:64-S128"
target triple = "x86_64-unknown-linux-gnu"
@x = global [10 x i32] zeroinitializer
@xc = global [10 x i8] zeroinitializer
define void @f(i32* %a) {
0:
	%1 = alloca i32*
	store i32* %a, i32** %1
	%2 = load i32*, i32** %1
	%3 = getelementptr i32, i32* %2, i64 3
	%4 = load i32, i32* %3
	call void @putint(i32 %4)
	ret void
}
declare void @putint(i32)
define void @g(i32* %b) {
0:
	%1 = alloca i32*
	store i32* %b, i32** %1
	%2 = load i32*, i32** %1
	call void @f(i32* %2)
	ret void
}
define void @fc(i8* %a) {
0:
	%1 = alloca i8*
	store i8* %a, i8** %1
	%2 = load i8*, i8** %1
	call void @putstring(i8* %2)
	ret void
}
declare void @putstring(i8*)
define void @gc(i8* %b) {
0:
	%1 = alloca i8*
	store i8* %b, i8** %1
	%2 = load i8*, i8** %1
	call void @fc(i8* %2)
	ret void
}
define i32 @main() {
0:
	%y = alloca [10 x i32]
	%yc = alloca [10 x i8]
	store i32 12, i32* getelementptr ([10 x i32], [10 x i32]* @x, i32 0, i64 3)
	%1 = getelementptr [10 x i32], [10 x i32]* %y, i32 0, i64 3
	store i32 34, i32* %1
	call void @f(i32* getelementptr ([10 x i32], [10 x i32]* @x, i32 0, i32 0))
	%2 = getelementptr [10 x i32], [10 x i32]* %y, i32 0, i32 0
	call void @f(i32* %2)
	store i32 56, i32* getelementptr ([10 x i32], [10 x i32]* @x, i32 0, i64 3)
	%3 = getelementptr [10 x i32], [10 x i32]* %y, i32 0, i64 3
	store i32 78, i32* %3
	call void @g(i32* getelementptr ([10 x i32], [10 x i32]* @x, i32 0, i32 0))
	%4 = getelementptr [10 x i32], [10 x i32]* %y, i32 0, i32 0
	call void @g(i32* %4)
	store i8 10, i8* getelementptr ([10 x i8], [10 x i8]* @xc, i32 0, i64 0)
	store i8 65, i8* getelementptr ([10 x i8], [10 x i8]* @xc, i32 0, i64 1)
	store i8 0, i8* getelementptr ([10 x i8], [10 x i8]* @xc, i32 0, i64 2)
	%5 = getelementptr [10 x i8], [10 x i8]* %yc, i32 0, i64 0
	store i8 66, i8* %5
	%6 = getelementptr [10 x i8], [10 x i8]* %yc, i32 0, i64 1
	store i8 0, i8* %6
	call void @fc(i8* getelementptr ([10 x i8], [10 x i8]* @xc, i32 0, i32 0))
	%7 = getelementptr [10 x i8], [10 x i8]* %yc, i32 0, i32 0
	call void @fc(i8* %7)
	store i8 67, i8* getelementptr ([10 x i8], [10 x i8]* @xc, i32 0, i64 0)
	store i8 0, i8* getelementptr ([10 x i8], [10 x i8]* @xc, i32 0, i64 1)
	%8 = getelementptr [10 x i8], [10 x i8]* %yc, i32 0, i64 0
	store i8 68, i8* %8
	%9 = getelementptr [10 x i8], [10 x i8]* %yc, i32 0, i64 1
	store i8 10, i8* %9
	%10 = getelementptr [10 x i8], [10 x i8]* %yc, i32 0, i64 2
	store i8 0, i8* %10
	call void @gc(i8* getelementptr ([10 x i8], [10 x i8]* @xc, i32 0, i32 0))
	%11 = getelementptr [10 x i8], [10 x i8]* %yc, i32 0, i32 0
	call void @gc(i8* %11)
	ret i32 0
}
