target datalayout = "e-m:e-i64:64-f80:128-n8:16:32:64-S128"
target triple = "x86_64-unknown-linux-gnu"
@x = global [7 x i8] zeroinitializer
define i32 @main() {
0:
	%y = alloca [10 x i8]
	store i8 72, i8* getelementptr ([7 x i8], [7 x i8]* @x, i32 0, i64 0)
	store i8 101, i8* getelementptr ([7 x i8], [7 x i8]* @x, i32 0, i64 1)
	store i8 108, i8* getelementptr ([7 x i8], [7 x i8]* @x, i32 0, i64 2)
	store i8 108, i8* getelementptr ([7 x i8], [7 x i8]* @x, i32 0, i64 3)
	store i8 111, i8* getelementptr ([7 x i8], [7 x i8]* @x, i32 0, i64 4)
	store i8 10, i8* getelementptr ([7 x i8], [7 x i8]* @x, i32 0, i64 5)
	store i8 0, i8* getelementptr ([7 x i8], [7 x i8]* @x, i32 0, i64 6)
	%1 = getelementptr [10 x i8], [10 x i8]* %y, i32 0, i64 0
	store i8 71, i8* %1
	%2 = getelementptr [10 x i8], [10 x i8]* %y, i32 0, i64 1
	store i8 111, i8* %2
	%3 = getelementptr [10 x i8], [10 x i8]* %y, i32 0, i64 2
	store i8 111, i8* %3
	%4 = getelementptr [10 x i8], [10 x i8]* %y, i32 0, i64 3
	store i8 100, i8* %4
	%5 = getelementptr [10 x i8], [10 x i8]* %y, i32 0, i64 4
	store i8 32, i8* %5
	%6 = getelementptr [10 x i8], [10 x i8]* %y, i32 0, i64 5
	store i8 98, i8* %6
	%7 = getelementptr [10 x i8], [10 x i8]* %y, i32 0, i64 6
	store i8 121, i8* %7
	%8 = getelementptr [10 x i8], [10 x i8]* %y, i32 0, i64 7
	store i8 101, i8* %8
	%9 = getelementptr [10 x i8], [10 x i8]* %y, i32 0, i64 8
	store i8 10, i8* %9
	%10 = getelementptr [10 x i8], [10 x i8]* %y, i32 0, i64 9
	store i8 0, i8* %10
	call void @putstring(i8* getelementptr ([7 x i8], [7 x i8]* @x, i32 0, i32 0))
	%11 = getelementptr [10 x i8], [10 x i8]* %y, i32 0, i32 0
	call void @putstring(i8* %11)
	ret i32 0
}
declare void @putstring(i8*)
