target datalayout = "e-m:e-i64:64-f80:128-n8:16:32:64-S128"
target triple = "x86_64-unknown-linux-gnu"
define i32 @main() {
0:
	%nameq = alloca [12 x i8]
	%ageq = alloca [10 x i8]
	%youare = alloca [10 x i8]
	%cr = alloca [2 x i8]
	%name = alloca [80 x i8]
	%age = alloca i32
	%1 = getelementptr [12 x i8], [12 x i8]* %nameq, i32 0, i64 0
	store i8 89, i8* %1
	%2 = getelementptr [12 x i8], [12 x i8]* %nameq, i32 0, i64 1
	store i8 111, i8* %2
	%3 = getelementptr [12 x i8], [12 x i8]* %nameq, i32 0, i64 2
	store i8 117, i8* %3
	%4 = getelementptr [12 x i8], [12 x i8]* %nameq, i32 0, i64 3
	store i8 114, i8* %4
	%5 = getelementptr [12 x i8], [12 x i8]* %nameq, i32 0, i64 4
	store i8 32, i8* %5
	%6 = getelementptr [12 x i8], [12 x i8]* %nameq, i32 0, i64 5
	store i8 110, i8* %6
	%7 = getelementptr [12 x i8], [12 x i8]* %nameq, i32 0, i64 6
	store i8 97, i8* %7
	%8 = getelementptr [12 x i8], [12 x i8]* %nameq, i32 0, i64 7
	store i8 109, i8* %8
	%9 = getelementptr [12 x i8], [12 x i8]* %nameq, i32 0, i64 8
	store i8 101, i8* %9
	%10 = getelementptr [12 x i8], [12 x i8]* %nameq, i32 0, i64 9
	store i8 63, i8* %10
	%11 = getelementptr [12 x i8], [12 x i8]* %nameq, i32 0, i64 10
	store i8 32, i8* %11
	%12 = getelementptr [12 x i8], [12 x i8]* %nameq, i32 0, i64 11
	store i8 0, i8* %12
	%13 = getelementptr [10 x i8], [10 x i8]* %ageq, i32 0, i64 0
	store i8 89, i8* %13
	%14 = getelementptr [10 x i8], [10 x i8]* %ageq, i32 0, i64 1
	store i8 111, i8* %14
	%15 = getelementptr [10 x i8], [10 x i8]* %ageq, i32 0, i64 2
	store i8 117, i8* %15
	%16 = getelementptr [10 x i8], [10 x i8]* %ageq, i32 0, i64 3
	store i8 114, i8* %16
	%17 = getelementptr [10 x i8], [10 x i8]* %ageq, i32 0, i64 4
	store i8 32, i8* %17
	%18 = getelementptr [10 x i8], [10 x i8]* %ageq, i32 0, i64 5
	store i8 97, i8* %18
	%19 = getelementptr [10 x i8], [10 x i8]* %ageq, i32 0, i64 6
	store i8 103, i8* %19
	%20 = getelementptr [10 x i8], [10 x i8]* %ageq, i32 0, i64 7
	store i8 101, i8* %20
	%21 = getelementptr [10 x i8], [10 x i8]* %ageq, i32 0, i64 8
	store i8 32, i8* %21
	%22 = getelementptr [10 x i8], [10 x i8]* %ageq, i32 0, i64 9
	store i8 0, i8* %22
	%23 = getelementptr [10 x i8], [10 x i8]* %youare, i32 0, i64 0
	store i8 89, i8* %23
	%24 = getelementptr [10 x i8], [10 x i8]* %youare, i32 0, i64 1
	store i8 111, i8* %24
	%25 = getelementptr [10 x i8], [10 x i8]* %youare, i32 0, i64 2
	store i8 117, i8* %25
	%26 = getelementptr [10 x i8], [10 x i8]* %youare, i32 0, i64 3
	store i8 32, i8* %26
	%27 = getelementptr [10 x i8], [10 x i8]* %youare, i32 0, i64 4
	store i8 97, i8* %27
	%28 = getelementptr [10 x i8], [10 x i8]* %youare, i32 0, i64 5
	store i8 114, i8* %28
	%29 = getelementptr [10 x i8], [10 x i8]* %youare, i32 0, i64 6
	store i8 101, i8* %29
	%30 = getelementptr [10 x i8], [10 x i8]* %youare, i32 0, i64 7
	store i8 58, i8* %30
	%31 = getelementptr [10 x i8], [10 x i8]* %youare, i32 0, i64 8
	store i8 32, i8* %31
	%32 = getelementptr [10 x i8], [10 x i8]* %youare, i32 0, i64 9
	store i8 0, i8* %32
	%33 = getelementptr [2 x i8], [2 x i8]* %cr, i32 0, i64 0
	store i8 10, i8* %33
	%34 = getelementptr [2 x i8], [2 x i8]* %cr, i32 0, i64 1
	store i8 0, i8* %34
	%35 = getelementptr [12 x i8], [12 x i8]* %nameq, i32 0, i32 0
	call void @putstring(i8* %35)
	%36 = getelementptr [80 x i8], [80 x i8]* %name, i32 0, i32 0
	%37 = call i32 @getstring(i8* %36)
	%38 = getelementptr [10 x i8], [10 x i8]* %ageq, i32 0, i32 0
	call void @putstring(i8* %38)
	%39 = call i32 @getint()
	store i32 %39, i32* %age
	%40 = getelementptr [10 x i8], [10 x i8]* %youare, i32 0, i32 0
	call void @putstring(i8* %40)
	%41 = getelementptr [80 x i8], [80 x i8]* %name, i32 0, i32 0
	call void @putstring(i8* %41)
	%42 = getelementptr [2 x i8], [2 x i8]* %cr, i32 0, i32 0
	call void @putstring(i8* %42)
	%43 = getelementptr [10 x i8], [10 x i8]* %youare, i32 0, i32 0
	call void @putstring(i8* %43)
	%44 = load i32, i32* %age
	call void @putint(i32 %44)
	%45 = getelementptr [2 x i8], [2 x i8]* %cr, i32 0, i32 0
	call void @putstring(i8* %45)
	ret i32 0
}
declare void @putstring(i8*)
declare i32 @getstring(i8*)
declare i32 @getint()
declare void @putint(i32)
