target datalayout = "e-m:e-i64:64-f80:128-n8:16:32:64-S128"
target triple = "x86_64-unknown-linux-gnu"
define i32 @f(i32 %x) {
0:
	%1 = alloca i32
	%2 = alloca i32
	store i32 %x, i32* %2
	%3 = load i32, i32* %2
	%4 = icmp sgt i32 %3, 0
	br i1 %4, label %5, label %10
5:
	%6 = load i32, i32* %2
	%7 = sub i32 %6, 1
	%8 = call i32 @f(i32 %7)
	%9 = add i32 2, %8
	store i32 %9, i32* %1
	br label %11
10:
	store i32 112, i32* %1
	br label %11
11:
	%12 = load i32, i32* %1
	ret i32 %12
}
define i32 @main() {
0:
	%1 = call i32 @f(i32 8)
	ret i32 0
}
