target datalayout = "e-m:e-i64:64-f80:128-n8:16:32:64-S128"
target triple = "x86_64-unknown-linux-gnu"
define void @drawpos(i8 %c) {
0:
	%1 = alloca i8
	%s = alloca [2 x i8]
	store i8 %c, i8* %1
	%2 = load i8, i8* %1
	%3 = icmp ne i8 %2, 0
	br i1 %3, label %4, label %6
4:
	%5 = getelementptr [2 x i8], [2 x i8]* %s, i32 0, i64 0
	store i8 35, i8* %5
	br label %8
6:
	%7 = getelementptr [2 x i8], [2 x i8]* %s, i32 0, i64 0
	store i8 32, i8* %7
	br label %8
8:
	%9 = getelementptr [2 x i8], [2 x i8]* %s, i32 0, i64 1
	store i8 0, i8* %9
	%10 = getelementptr [2 x i8], [2 x i8]* %s, i32 0, i32 0
	call void @putstring(i8* %10)
	ret void
}
declare void @putstring(i8*)
define void @nl() {
0:
	%cr = alloca [2 x i8]
	%1 = getelementptr [2 x i8], [2 x i8]* %cr, i32 0, i64 0
	store i8 10, i8* %1
	%2 = getelementptr [2 x i8], [2 x i8]* %cr, i32 0, i64 1
	store i8 0, i8* %2
	%3 = getelementptr [2 x i8], [2 x i8]* %cr, i32 0, i32 0
	call void @putstring(i8* %3)
	ret void
}
define i32 @main() {
0:
	%1 = alloca i32
	%i = alloca i32
	%j = alloca i32
	store i32 0, i32* %1
	store i32 -9, i32* %i
	br label %2
2:
	%3 = load i32, i32* %i
	%4 = icmp sle i32 %3, 9
	br i1 %4, label %5, label %28
5:
	store i32 -20, i32* %j
	call void @nl()
	br label %6
6:
	%7 = load i32, i32* %j
	%8 = icmp sle i32 %7, 20
	br i1 %8, label %9, label %25
9:
	%10 = load i32, i32* %i
	%11 = load i32, i32* %i
	%12 = mul i32 %10, %11
	%13 = mul i32 %12, 22
	%14 = mul i32 %13, 22
	%15 = sdiv i32 %14, 100
	%16 = load i32, i32* %j
	%17 = load i32, i32* %j
	%18 = mul i32 %16, %17
	%19 = add i32 %15, %18
	%20 = icmp sgt i32 %19, 380
	%21 = zext i1 %20 to i32
	%22 = trunc i32 %21 to i8
	call void @drawpos(i8 %22)
	%23 = load i32, i32* %j
	%24 = add i32 %23, 1
	store i32 %24, i32* %j
	br label %6
25:
	%26 = load i32, i32* %i
	%27 = add i32 %26, 1
	store i32 %27, i32* %i
	br label %2
28:
	call void @nl()
	call void @nl()
	%29 = load i32, i32* %1
	ret i32 %29
}
