target datalayout = "e-m:e-i64:64-f80:128-n8:16:32:64-S128"
target triple = "x86_64-unknown-linux-gnu"
define i32 @main() {
0:
	%i = alloca i32
	store i32 123456789, i32* %i
	store i32 48, i32* %i
	store i32 97, i32* %i
	store i32 32, i32* %i
	store i32 10, i32* %i
	ret i32 0
}
