target datalayout = "e-m:e-i64:64-f80:128-n8:16:32:64-S128"
target triple = "x86_64-unknown-linux-gnu"
define i32 @main() {
0:
	%x = alloca i32
	%y = alloca i32
	store i32 42, i32* %x
	store i32 4711, i32* %y
	store i32 4711, i32* %x
	ret i32 0
}
