target datalayout = "e-m:e-i64:64-f80:128-n8:16:32:64-S128"
target triple = "x86_64-unknown-linux-gnu"
define i32 @main() {
0:
	%1 = alloca i32
	%x = alloca i32
	store i32 0, i32* %1
	br label %2
2:
	%3 = load i32, i32* %x
	%4 = icmp slt i32 %3, 10
	br i1 %4, label %5, label %8
5:
	%6 = load i32, i32* %x
	%7 = add i32 %6, 3
	store i32 %7, i32* %x
	br label %2
8:
	%9 = load i32, i32* %x
	%10 = add i32 %9, 3
	store i32 %10, i32* %x
	%11 = load i32, i32* %1
	ret i32 %11
}
