target datalayout = "e-m:e-i64:64-f80:128-n8:16:32:64-S128"
target triple = "x86_64-unknown-linux-gnu"
define i32 @main() {
0:
	%1 = alloca i32
	%x = alloca i32
	%y = alloca i32
	store i32 0, i32* %1
	%2 = load i32, i32* %x
	%3 = icmp ne i32 %2, 0
	br i1 %3, label %4, label %10
4:
	br label %5
5:
	%6 = load i32, i32* %y
	%7 = icmp ne i32 %6, 0
	br i1 %7, label %8, label %9
8:
	store i32 42, i32* %x
	br label %5
9:
	br label %10
10:
	br label %11
11:
	%12 = load i32, i32* %x
	%13 = icmp ne i32 %12, 0
	br i1 %13, label %14, label %19
14:
	%15 = load i32, i32* %y
	%16 = icmp ne i32 %15, 0
	br i1 %16, label %17, label %18
17:
	store i32 42, i32* %x
	br label %18
18:
	br label %11
19:
	%20 = load i32, i32* %1
	ret i32 %20
}
