target datalayout = "e-m:e-i64:64-f80:128-n8:16:32:64-S128"
target triple = "x86_64-unknown-linux-gnu"
@a = global [10 x i32] zeroinitializer
define i32 @main() {
0:
	%b = alloca [10 x i8]
	%1 = load i32, i32* getelementptr ([10 x i32], [10 x i32]* @a, i32 0, i64 5)
	%2 = add i32 %1, 7
	store i32 %2, i32* getelementptr ([10 x i32], [10 x i32]* @a, i32 0, i64 3)
	%3 = getelementptr [10 x i8], [10 x i8]* %b, i32 0, i64 5
	%4 = load i8, i8* %3
	%5 = sext i8 %4 to i32
	%6 = add i32 %5, 7
	%7 = trunc i32 %6 to i8
	%8 = getelementptr [10 x i8], [10 x i8]* %b, i32 0, i64 3
	store i8 %7, i8* %8
	ret i32 0
}
