target datalayout = "e-m:e-i64:64-f80:128-n8:16:32:64-S128"
target triple = "x86_64-unknown-linux-gnu"
define void @f(i8* %x) {
0:
	%1 = alloca i8*
	store i8* %x, i8** %1
	ret void
}
define i32 @main() {
0:
	%a = alloca [7 x i8]
	%1 = getelementptr [7 x i8], [7 x i8]* %a, i32 0, i32 0
	call void @f(i8* %1)
	ret i32 0
}
