target datalayout = "e-m:e-i64:64-f80:128-n8:16:32:64-S128"
target triple = "x86_64-unknown-linux-gnu"
@eol = global [1 x i8] zeroinitializer
@n = global i32 0
define void @bubble(i8* %a) {
0:
	%1 = alloca i8*
	%i = alloca i32
	%j = alloca i32
	%t = alloca i8
	store i8* %a, i8** %1
	%2 = load i8*, i8** %1
	call void @putstring(i8* %2)
	call void @putstring(i8* getelementptr ([1 x i8], [1 x i8]* @eol, i32 0, i32 0))
	%3 = load i32, i32* @n
	%4 = sub i32 %3, 1
	store i32 %4, i32* %i
	br label %5
5:
	%6 = load i32, i32* %i
	%7 = icmp sgt i32 %6, 0
	br i1 %7, label %8, label %57
8:
	store i32 0, i32* %j
	br label %9
9:
	%10 = load i32, i32* %j
	%11 = load i32, i32* %i
	%12 = icmp slt i32 %10, %11
	br i1 %12, label %13, label %53
13:
	%14 = load i32, i32* %j
	%15 = sext i32 %14 to i64
	%16 = load i8*, i8** %1
	%17 = getelementptr i8, i8* %16, i64 %15
	%18 = load i8, i8* %17
	%19 = sext i8 %18 to i32
	%20 = load i32, i32* %j
	%21 = add i32 %20, 1
	%22 = sext i32 %21 to i64
	%23 = load i8*, i8** %1
	%24 = getelementptr i8, i8* %23, i64 %22
	%25 = load i8, i8* %24
	%26 = sext i8 %25 to i32
	%27 = icmp sgt i32 %19, %26
	br i1 %27, label %28, label %50
28:
	%29 = load i32, i32* %j
	%30 = sext i32 %29 to i64
	%31 = load i8*, i8** %1
	%32 = getelementptr i8, i8* %31, i64 %30
	%33 = load i8, i8* %32
	store i8 %33, i8* %t
	%34 = load i32, i32* %j
	%35 = add i32 %34, 1
	%36 = sext i32 %35 to i64
	%37 = load i8*, i8** %1
	%38 = getelementptr i8, i8* %37, i64 %36
	%39 = load i8, i8* %38
	%40 = load i32, i32* %j
	%41 = sext i32 %40 to i64
	%42 = load i8*, i8** %1
	%43 = getelementptr i8, i8* %42, i64 %41
	store i8 %39, i8* %43
	%44 = load i8, i8* %t
	%45 = load i32, i32* %j
	%46 = add i32 %45, 1
	%47 = sext i32 %46 to i64
	%48 = load i8*, i8** %1
	%49 = getelementptr i8, i8* %48, i64 %47
	store i8 %44, i8* %49
	br label %50
50:
	%51 = load i32, i32* %j
	%52 = add i32 %51, 1
	store i32 %52, i32* %j
	br label %9
53:
	%54 = load i8*, i8** %1
	call void @putstring(i8* %54)
	call void @putstring(i8* getelementptr ([1 x i8], [1 x i8]* @eol, i32 0, i32 0))
	%55 = load i32, i32* %i
	%56 = sub i32 %55, 1
	store i32 %56, i32* %i
	br label %5
57:
	ret void
}
declare void @putstring(i8*)
define i32 @main() {
0:
	%1 = alloca i32
	%s = alloca [27 x i8]
	%i = alloca i32
	%t = alloca i8
	%q = alloca i32
	store i32 0, i32* %1
	store i8 10, i8* getelementptr ([1 x i8], [1 x i8]* @eol, i32 0, i64 0)
	store i8 0, i8* getelementptr ([1 x i8], [1 x i8]* @eol, i64 1, i64 0)
	store i32 26, i32* @n
	%2 = load i32, i32* @n
	%3 = sext i32 %2 to i64
	%4 = getelementptr [27 x i8], [27 x i8]* %s, i32 0, i64 %3
	store i8 0, i8* %4
	store i32 0, i32* %i
	store i32 11, i32* %q
	br label %5
5:
	%6 = load i32, i32* %i
	%7 = load i32, i32* @n
	%8 = icmp slt i32 %6, %7
	br i1 %8, label %9, label %27
9:
	%10 = load i32, i32* %q
	%11 = load i32, i32* %q
	%12 = sdiv i32 %11, 26
	%13 = mul i32 %12, 26
	%14 = sub i32 %10, %13
	%15 = trunc i32 %14 to i8
	store i8 %15, i8* %t
	%16 = load i8, i8* %t
	%17 = sext i8 %16 to i32
	%18 = add i32 97, %17
	%19 = trunc i32 %18 to i8
	%20 = load i32, i32* %i
	%21 = sext i32 %20 to i64
	%22 = getelementptr [27 x i8], [27 x i8]* %s, i32 0, i64 %21
	store i8 %19, i8* %22
	%23 = load i32, i32* %i
	%24 = add i32 %23, 1
	store i32 %24, i32* %i
	%25 = load i32, i32* %q
	%26 = add i32 %25, 17
	store i32 %26, i32* %q
	br label %5
27:
	%28 = getelementptr [27 x i8], [27 x i8]* %s, i32 0, i32 0
	call void @bubble(i8* %28)
	%29 = load i32, i32* %1
	ret i32 %29
}
