target datalayout = "e-m:e-i64:64-f80:128-n8:16:32:64-S128"
target triple = "x86_64-unknown-linux-gnu"
@foo = global i32 0
@BarBara = global i32 0
@bar_bara = global i32 0
@bar4711 = global i32 0
@b4rb4r4 = global i32 0
@abcdefghijklmnopqrstuvwxyz_ABCDEFGHIJKLMNOPQRSTUVWXYZ_0123456789 = global i32 0
define i32 @main() {
0:
	ret i32 0
}
