target datalayout = "e-m:e-i64:64-f80:128-n8:16:32:64-S128"
target triple = "x86_64-unknown-linux-gnu"
define i32 @main() {
0:
	%1 = alloca i32
	%i = alloca i32
	%j = alloca i8
	store i32 0, i32* %1
	store i32 1, i32* %i
	br label %2
2:
	br i1 false, label %3, label %4
3:
	store i32 0, i32* %i
	br label %2
4:
	ret i32 42
}
