target datalayout = "e-m:e-i64:64-f80:128-n8:16:32:64-S128"
target triple = "x86_64-unknown-linux-gnu"
@x = global i32 0
@y = global i8 0
define i32 @main() {
0:
	%z = alloca i32
	%w = alloca i8
	store i32 42, i32* @x
	store i8 43, i8* @y
	store i32 65, i32* %z
	store i8 10, i8* %w
	ret i32 0
}
