target datalayout = "e-m:e-i64:64-f80:128-n8:16:32:64-S128"
target triple = "x86_64-unknown-linux-gnu"
define i32 @f(i32 %x, i32 %y) {
0:
	%1 = alloca i32
	%2 = alloca i32
	store i32 %x, i32* %1
	store i32 %y, i32* %2
	%3 = load i32, i32* %1
	%4 = load i32, i32* %2
	%5 = add i32 %3, %4
	ret i32 %5
}
define i32 @main() {
0:
	%1 = call i32 @f(i32 2, i32 3)
	ret i32 0
}
