target datalayout = "e-m:e-i64:64-f80:128-n8:16:32:64-S128"
target triple = "x86_64-unknown-linux-gnu"
@a = global [10 x i32] zeroinitializer
define void @f(i32* %x) {
0:
	%1 = alloca i32*
	store i32* %x, i32** %1
	%2 = load i32*, i32** %1
	%3 = getelementptr i32, i32* %2, i64 5
	%4 = load i32, i32* %3
	%5 = add i32 %4, 7
	%6 = load i32*, i32** %1
	%7 = getelementptr i32, i32* %6, i64 3
	store i32 %5, i32* %7
	ret void
}
define i32 @main() {
0:
	call void @f(i32* getelementptr ([10 x i32], [10 x i32]* @a, i32 0, i32 0))
	ret i32 0
}
